// Jest Snapshot v1, https://goo.gl/fbAQLP

exports[`--list-different - checks different files 1`] = `0`;

exports[`--list-different - checks different files 2`] = `""`;

exports[`--list-different - checks different files 3`] = `""`;

exports[`--list-different - checks different files 4`] = `[]`;
