// Jest Snapshot v1, https://goo.gl/fbAQLP

exports[`--help - shows help message 1`] = `1`;

exports[`--help - shows help message 2`] = `""`;

exports[`--help - shows help message 3`] = `"appendStdout is not defined"`;

exports[`--help - shows help message 4`] = `Array []`;
